env: load .env.local
env: export VERCEL_OIDC_TOKEN EXPO_PUBLIC_BACKEND_API_URL
ΓÇ║ Port 8081 is being used by another process
node.exe : Input is required, but 'npx expo' is in non-interactive mode.
At C:\Program Files\nodejs\npx.ps1:29 char:3
+   & $NODE_EXE $NPX_CLI_JS $args
+   ~~~~~~~~~~~~~~~~~~~~~~~~~~~~~
    + CategoryInfo          : NotSpecified: (Input is requir...teractive mod 
   e.:String) [], RemoteException
    + FullyQualifiedErrorId : NativeCommandError
 
Required input:
> Use port 8082 instead?
ΓÇ║ Skipping dev server
CommandError: Failed to get properties for device (JJON9XZ5VCJFGACA): 
Command failed: C:\Users\ADMIN\AppData\Local\Android\Sdk/platform-tools/adb 
-s JJON9XZ5VCJFGACA shell getprop ro.product.cpu.abilist
adb.exe: device offline

